Archive member included to satisfy reference by file (symbol)

/opt/FPGA_work/04_SOC/01_Nios_II/01_proj/01_hello_led/software/hello_led_bsp//libhal_bsp.a(alt_load.o)
                              /opt/FPGA_work/04_SOC/01_Nios_II/01_proj/01_hello_led/software/hello_led_bsp//obj/HAL/src/crt0.o (alt_load)
/opt/FPGA_work/04_SOC/01_Nios_II/01_proj/01_hello_led/software/hello_led_bsp//libhal_bsp.a(alt_main.o)
                              /opt/FPGA_work/04_SOC/01_Nios_II/01_proj/01_hello_led/software/hello_led_bsp//obj/HAL/src/crt0.o (alt_main)
/opt/FPGA_work/04_SOC/01_Nios_II/01_proj/01_hello_led/software/hello_led_bsp//libhal_bsp.a(alt_sys_init.o)
                              /opt/FPGA_work/04_SOC/01_Nios_II/01_proj/01_hello_led/software/hello_led_bsp//libhal_bsp.a(alt_main.o) (alt_irq_init)
/opt/FPGA_work/04_SOC/01_Nios_II/01_proj/01_hello_led/software/hello_led_bsp//libhal_bsp.a(alt_dcache_flush_all.o)
                              /opt/FPGA_work/04_SOC/01_Nios_II/01_proj/01_hello_led/software/hello_led_bsp//libhal_bsp.a(alt_load.o) (alt_dcache_flush_all)
/opt/FPGA_work/04_SOC/01_Nios_II/01_proj/01_hello_led/software/hello_led_bsp//libhal_bsp.a(alt_icache_flush_all.o)
                              /opt/FPGA_work/04_SOC/01_Nios_II/01_proj/01_hello_led/software/hello_led_bsp//libhal_bsp.a(alt_load.o) (alt_icache_flush_all)
/opt/FPGA_work/04_SOC/01_Nios_II/01_proj/01_hello_led/software/hello_led_bsp//libhal_bsp.a(altera_nios2_gen2_irq.o)
                              /opt/FPGA_work/04_SOC/01_Nios_II/01_proj/01_hello_led/software/hello_led_bsp//libhal_bsp.a(alt_sys_init.o) (altera_nios2_gen2_irq_init)
/opt/FPGA_work/04_SOC/01_Nios_II/01_proj/01_hello_led/software/hello_led_bsp//libhal_bsp.a(alt_icache_flush.o)
                              /opt/FPGA_work/04_SOC/01_Nios_II/01_proj/01_hello_led/software/hello_led_bsp//libhal_bsp.a(alt_icache_flush_all.o) (alt_icache_flush)

Memory Configuration

Name             Origin             Length             Attributes
reset            0x0000000000000000 0x0000000000000020
onchip_rom       0x0000000000000020 0x0000000000000fe0
onchip_ram_BEFORE_EXCEPTION 0x0000000000002000 0x0000000000000020
onchip_ram       0x0000000000002020 0x0000000000000fe0
*default*        0x0000000000000000 0xffffffffffffffff

Linker script and memory map

LOAD /opt/FPGA_work/04_SOC/01_Nios_II/01_proj/01_hello_led/software/hello_led_bsp//obj/HAL/src/crt0.o
LOAD obj/default/hello_world_small.o
LOAD /opt/altera/18.1/nios2eds/bin/gnu/H-x86_64-pc-linux-gnu/bin/../lib/gcc/nios2-elf/5.3.0/../../../../../H-x86_64-pc-linux-gnu/nios2-elf/lib/mhw-mulx/libstdc++.a
LOAD /opt/altera/18.1/nios2eds/bin/gnu/H-x86_64-pc-linux-gnu/bin/../lib/gcc/nios2-elf/5.3.0/../../../../../H-x86_64-pc-linux-gnu/nios2-elf/lib/mhw-mulx/libm.a
LOAD /opt/altera/18.1/nios2eds/bin/gnu/H-x86_64-pc-linux-gnu/bin/../lib/gcc/nios2-elf/5.3.0/mhw-mulx/libgcc.a
START GROUP
LOAD /opt/altera/18.1/nios2eds/bin/gnu/H-x86_64-pc-linux-gnu/bin/../lib/gcc/nios2-elf/5.3.0/../../../../../H-x86_64-pc-linux-gnu/nios2-elf/lib/mhw-mulx/libsmallc.a
LOAD /opt/altera/18.1/nios2eds/bin/gnu/H-x86_64-pc-linux-gnu/bin/../lib/gcc/nios2-elf/5.3.0/mhw-mulx/libgcc.a
LOAD /opt/FPGA_work/04_SOC/01_Nios_II/01_proj/01_hello_led/software/hello_led_bsp//libhal_bsp.a
LOAD /opt/altera/18.1/nios2eds/bin/gnu/H-x86_64-pc-linux-gnu/bin/../lib/gcc/nios2-elf/5.3.0/../../../../../H-x86_64-pc-linux-gnu/nios2-elf/lib/mhw-mulx/libm.a
END GROUP
LOAD /opt/altera/18.1/nios2eds/bin/gnu/H-x86_64-pc-linux-gnu/bin/../lib/gcc/nios2-elf/5.3.0/mhw-mulx/libgcc.a
                0x0000000000000000                __alt_mem_onchip_rom = 0x0
                0x0000000000002000                __alt_mem_onchip_ram = 0x2000

.entry          0x0000000000000000       0x20
 *(.entry)
 .entry         0x0000000000000000       0x20 /opt/FPGA_work/04_SOC/01_Nios_II/01_proj/01_hello_led/software/hello_led_bsp//obj/HAL/src/crt0.o
                0x0000000000000000                __reset
                0x000000000000001c                _exit

.exceptions     0x0000000000002020        0x0
                0x0000000000002020                PROVIDE (__ram_exceptions_start, ABSOLUTE (.))
                0x0000000000002020                . = ALIGN (0x20)
 *(.irq)
 *(.exceptions.entry.label)
 *(.exceptions.entry.user)
 *(.exceptions.entry.ecc_fatal)
 *(.exceptions.entry)
 *(.exceptions.irqtest.user)
 *(.exceptions.irqtest)
 *(.exceptions.irqhandler.user)
 *(.exceptions.irqhandler)
 *(.exceptions.irqreturn.user)
 *(.exceptions.irqreturn)
 *(.exceptions.notirq.label)
 *(.exceptions.notirq.user)
 *(.exceptions.notirq)
 *(.exceptions.soft.user)
 *(.exceptions.soft)
 *(.exceptions.unknown.user)
 *(.exceptions.unknown)
 *(.exceptions.exit.label)
 *(.exceptions.exit.user)
 *(.exceptions.exit)
 *(.exceptions)
                0x0000000000002020                PROVIDE (__ram_exceptions_end, ABSOLUTE (.))
                0x0000000000002020                PROVIDE (__flash_exceptions_start, LOADADDR (.exceptions))

.text           0x0000000000002020      0x26c
                [!provide]                        PROVIDE (stext, ABSOLUTE (.))
 *(.interp)
 *(.hash)
 *(.dynsym)
 *(.dynstr)
 *(.gnu.version)
 *(.gnu.version_d)
 *(.gnu.version_r)
 *(.rel.init)
 *(.rela.init)
 *(.rel.text .rel.text.* .rel.gnu.linkonce.t.*)
 *(.rela.text .rela.text.* .rela.gnu.linkonce.t.*)
 *(.rel.fini)
 *(.rela.fini)
 *(.rel.rodata .rel.rodata.* .rel.gnu.linkonce.r.*)
 *(.rela.rodata .rela.rodata.* .rela.gnu.linkonce.r.*)
 *(.rel.data .rel.data.* .rel.gnu.linkonce.d.*)
 *(.rela.data .rela.data.* .rela.gnu.linkonce.d.*)
 *(.rel.tdata .rel.tdata.* .rel.gnu.linkonce.td.*)
 *(.rela.tdata .rela.tdata.* .rela.gnu.linkonce.td.*)
 *(.rel.tbss .rel.tbss.* .rel.gnu.linkonce.tb.*)
 *(.rela.tbss .rela.tbss.* .rela.gnu.linkonce.tb.*)
 *(.rel.ctors)
 *(.rela.ctors)
 *(.rel.dtors)
 *(.rela.dtors)
 *(.rel.got)
 *(.rela.got)
 *(.rel.sdata .rel.sdata.* .rel.gnu.linkonce.s.*)
 *(.rela.sdata .rela.sdata.* .rela.gnu.linkonce.s.*)
 *(.rel.sbss .rel.sbss.* .rel.gnu.linkonce.sb.*)
 *(.rela.sbss .rela.sbss.* .rela.gnu.linkonce.sb.*)
 *(.rel.sdata2 .rel.sdata2.* .rel.gnu.linkonce.s2.*)
 *(.rela.sdata2 .rela.sdata2.* .rela.gnu.linkonce.s2.*)
 *(.rel.sbss2 .rel.sbss2.* .rel.gnu.linkonce.sb2.*)
 *(.rela.sbss2 .rela.sbss2.* .rela.gnu.linkonce.sb2.*)
 *(.rel.bss .rel.bss.* .rel.gnu.linkonce.b.*)
 *(.rela.bss .rela.bss.* .rela.gnu.linkonce.b.*)
 *(.rel.plt)
 *(.rela.plt)
 *(.rel.dyn)
 *(.init)
 *(.plt)
 *(.text .stub .text.* .gnu.linkonce.t.*)
 .text          0x0000000000002020       0x4c /opt/FPGA_work/04_SOC/01_Nios_II/01_proj/01_hello_led/software/hello_led_bsp//obj/HAL/src/crt0.o
                0x0000000000002020                _start
 .text          0x000000000000206c       0x8c obj/default/hello_world_small.o
                0x000000000000206c                main
 .text          0x00000000000020f8       0xe0 /opt/FPGA_work/04_SOC/01_Nios_II/01_proj/01_hello_led/software/hello_led_bsp//libhal_bsp.a(alt_load.o)
                0x00000000000020f8                alt_load
 .text          0x00000000000021d8       0x2c /opt/FPGA_work/04_SOC/01_Nios_II/01_proj/01_hello_led/software/hello_led_bsp//libhal_bsp.a(alt_main.o)
                0x00000000000021d8                alt_main
 .text          0x0000000000002204       0x24 /opt/FPGA_work/04_SOC/01_Nios_II/01_proj/01_hello_led/software/hello_led_bsp//libhal_bsp.a(alt_sys_init.o)
                0x0000000000002204                alt_irq_init
                0x0000000000002224                alt_sys_init
 .text          0x0000000000002228       0x18 /opt/FPGA_work/04_SOC/01_Nios_II/01_proj/01_hello_led/software/hello_led_bsp//libhal_bsp.a(alt_dcache_flush_all.o)
                0x0000000000002228                alt_dcache_flush_all
 .text          0x0000000000002240        0xc /opt/FPGA_work/04_SOC/01_Nios_II/01_proj/01_hello_led/software/hello_led_bsp//libhal_bsp.a(alt_icache_flush_all.o)
                0x0000000000002240                alt_icache_flush_all
 .text          0x000000000000224c        0x8 /opt/FPGA_work/04_SOC/01_Nios_II/01_proj/01_hello_led/software/hello_led_bsp//libhal_bsp.a(altera_nios2_gen2_irq.o)
                0x000000000000224c                altera_nios2_gen2_irq_init
 .text          0x0000000000002254       0x38 /opt/FPGA_work/04_SOC/01_Nios_II/01_proj/01_hello_led/software/hello_led_bsp//libhal_bsp.a(alt_icache_flush.o)
                0x0000000000002254                alt_icache_flush
 *(.gnu.warning.*)
 *(.fini)
                [!provide]                        PROVIDE (__etext, ABSOLUTE (.))
                [!provide]                        PROVIDE (_etext, ABSOLUTE (.))
                [!provide]                        PROVIDE (etext, ABSOLUTE (.))
 *(.eh_frame_hdr)
                0x000000000000228c                . = ALIGN (0x4)
                [!provide]                        PROVIDE (__preinit_array_start, ABSOLUTE (.))
 *(.preinit_array)
                [!provide]                        PROVIDE (__preinit_array_end, ABSOLUTE (.))
                [!provide]                        PROVIDE (__init_array_start, ABSOLUTE (.))
 *(.init_array)
                [!provide]                        PROVIDE (__init_array_end, ABSOLUTE (.))
                [!provide]                        PROVIDE (__fini_array_start, ABSOLUTE (.))
 *(.fini_array)
                [!provide]                        PROVIDE (__fini_array_end, ABSOLUTE (.))
 *(.eh_frame)
 *(.gcc_except_table .gcc_except_table.*)
 *(.dynamic)
                [!provide]                        PROVIDE (__CTOR_LIST__, ABSOLUTE (.))
 *(.ctors)
 *(SORT(.ctors.*))
                [!provide]                        PROVIDE (__CTOR_END__, ABSOLUTE (.))
                [!provide]                        PROVIDE (__DTOR_LIST__, ABSOLUTE (.))
 *(.dtors)
 *(SORT(.dtors.*))
                [!provide]                        PROVIDE (__DTOR_END__, ABSOLUTE (.))
 *(.jcr)
                0x000000000000228c                . = ALIGN (0x4)

.rodata         0x000000000000228c        0x0
                0x000000000000228c                PROVIDE (__ram_rodata_start, ABSOLUTE (.))
                0x000000000000228c                . = ALIGN (0x4)
 *(.rodata .rodata.* .gnu.linkonce.r.*)
 *(.rodata1)
                0x000000000000228c                . = ALIGN (0x4)
                0x000000000000228c                PROVIDE (__ram_rodata_end, ABSOLUTE (.))
                0x000000000000228c                PROVIDE (__flash_rodata_start, LOADADDR (.rodata))

.rwdata         0x000000000000228c        0x0
                0x000000000000228c                PROVIDE (__ram_rwdata_start, ABSOLUTE (.))
                0x000000000000228c                . = ALIGN (0x4)
 *(.got.plt)
 *(.got)
 *(.data1)
 *(.data .data.* .gnu.linkonce.d.*)
 .data          0x000000000000228c        0x0 /opt/FPGA_work/04_SOC/01_Nios_II/01_proj/01_hello_led/software/hello_led_bsp//obj/HAL/src/crt0.o
 .data          0x000000000000228c        0x0 obj/default/hello_world_small.o
 .data          0x000000000000228c        0x0 /opt/FPGA_work/04_SOC/01_Nios_II/01_proj/01_hello_led/software/hello_led_bsp//libhal_bsp.a(alt_load.o)
 .data          0x000000000000228c        0x0 /opt/FPGA_work/04_SOC/01_Nios_II/01_proj/01_hello_led/software/hello_led_bsp//libhal_bsp.a(alt_main.o)
 .data          0x000000000000228c        0x0 /opt/FPGA_work/04_SOC/01_Nios_II/01_proj/01_hello_led/software/hello_led_bsp//libhal_bsp.a(alt_sys_init.o)
 .data          0x000000000000228c        0x0 /opt/FPGA_work/04_SOC/01_Nios_II/01_proj/01_hello_led/software/hello_led_bsp//libhal_bsp.a(alt_dcache_flush_all.o)
 .data          0x000000000000228c        0x0 /opt/FPGA_work/04_SOC/01_Nios_II/01_proj/01_hello_led/software/hello_led_bsp//libhal_bsp.a(alt_icache_flush_all.o)
 .data          0x000000000000228c        0x0 /opt/FPGA_work/04_SOC/01_Nios_II/01_proj/01_hello_led/software/hello_led_bsp//libhal_bsp.a(altera_nios2_gen2_irq.o)
 .data          0x000000000000228c        0x0 /opt/FPGA_work/04_SOC/01_Nios_II/01_proj/01_hello_led/software/hello_led_bsp//libhal_bsp.a(alt_icache_flush.o)
                0x000000000000a28c                _gp = ABSOLUTE ((. + 0x8000))
                [!provide]                        PROVIDE (gp, _gp)
 *(.rwdata .rwdata.*)
 *(.sdata .sdata.* .gnu.linkonce.s.*)
 *(.sdata2 .sdata2.* .gnu.linkonce.s2.*)
                0x000000000000228c                . = ALIGN (0x4)
                0x000000000000228c                _edata = ABSOLUTE (.)
                [!provide]                        PROVIDE (edata, ABSOLUTE (.))
                0x000000000000228c                PROVIDE (__ram_rwdata_end, ABSOLUTE (.))
                0x000000000000228c                PROVIDE (__flash_rwdata_start, LOADADDR (.rwdata))

.bss            0x000000000000228c        0xc
                0x000000000000228c                __bss_start = ABSOLUTE (.)
                [!provide]                        PROVIDE (__sbss_start, ABSOLUTE (.))
                [!provide]                        PROVIDE (___sbss_start, ABSOLUTE (.))
 *(.dynsbss)
 *(.sbss .sbss.* .gnu.linkonce.sb.*)
 .sbss          0x000000000000228c        0xc /opt/FPGA_work/04_SOC/01_Nios_II/01_proj/01_hello_led/software/hello_led_bsp//libhal_bsp.a(alt_main.o)
                0x000000000000228c                alt_envp
                0x0000000000002290                alt_argv
                0x0000000000002294                alt_argc
 *(.sbss2 .sbss2.* .gnu.linkonce.sb2.*)
 *(.scommon)
                [!provide]                        PROVIDE (__sbss_end, ABSOLUTE (.))
                [!provide]                        PROVIDE (___sbss_end, ABSOLUTE (.))
 *(.dynbss)
 *(.bss .bss.* .gnu.linkonce.b.*)
 .bss           0x0000000000002298        0x0 /opt/FPGA_work/04_SOC/01_Nios_II/01_proj/01_hello_led/software/hello_led_bsp//obj/HAL/src/crt0.o
 .bss           0x0000000000002298        0x0 obj/default/hello_world_small.o
 .bss           0x0000000000002298        0x0 /opt/FPGA_work/04_SOC/01_Nios_II/01_proj/01_hello_led/software/hello_led_bsp//libhal_bsp.a(alt_load.o)
 .bss           0x0000000000002298        0x0 /opt/FPGA_work/04_SOC/01_Nios_II/01_proj/01_hello_led/software/hello_led_bsp//libhal_bsp.a(alt_main.o)
 .bss           0x0000000000002298        0x0 /opt/FPGA_work/04_SOC/01_Nios_II/01_proj/01_hello_led/software/hello_led_bsp//libhal_bsp.a(alt_sys_init.o)
 .bss           0x0000000000002298        0x0 /opt/FPGA_work/04_SOC/01_Nios_II/01_proj/01_hello_led/software/hello_led_bsp//libhal_bsp.a(alt_dcache_flush_all.o)
 .bss           0x0000000000002298        0x0 /opt/FPGA_work/04_SOC/01_Nios_II/01_proj/01_hello_led/software/hello_led_bsp//libhal_bsp.a(alt_icache_flush_all.o)
 .bss           0x0000000000002298        0x0 /opt/FPGA_work/04_SOC/01_Nios_II/01_proj/01_hello_led/software/hello_led_bsp//libhal_bsp.a(altera_nios2_gen2_irq.o)
 .bss           0x0000000000002298        0x0 /opt/FPGA_work/04_SOC/01_Nios_II/01_proj/01_hello_led/software/hello_led_bsp//libhal_bsp.a(alt_icache_flush.o)
 *(COMMON)
                0x0000000000002298                . = ALIGN (0x4)
                0x0000000000002298                __bss_end = ABSOLUTE (.)

.onchip_rom     0x0000000000000020        0x0 load address 0x0000000000002298
                [!provide]                        PROVIDE (_alt_partition_onchip_rom_start, ABSOLUTE (.))
 *(.onchip_rom .onchip_rom. onchip_rom.*)
                0x0000000000000020                . = ALIGN (0x4)
                [!provide]                        PROVIDE (_alt_partition_onchip_rom_end, ABSOLUTE (.))
                [!provide]                        PROVIDE (_alt_partition_onchip_rom_load_addr, LOADADDR (.onchip_rom))

.onchip_ram     0x0000000000002298        0x0
                [!provide]                        PROVIDE (_alt_partition_onchip_ram_start, ABSOLUTE (.))
 *(.onchip_ram .onchip_ram. onchip_ram.*)
                0x0000000000002298                . = ALIGN (0x4)
                [!provide]                        PROVIDE (_alt_partition_onchip_ram_end, ABSOLUTE (.))
                0x0000000000002298                _end = ABSOLUTE (.)
                0x0000000000002298                end = ABSOLUTE (.)
                0x0000000000002298                __alt_stack_base = ABSOLUTE (.)
                [!provide]                        PROVIDE (_alt_partition_onchip_ram_load_addr, LOADADDR (.onchip_ram))

.stab
 *(.stab)

.stabstr
 *(.stabstr)

.stab.excl
 *(.stab.excl)

.stab.exclstr
 *(.stab.exclstr)

.stab.index
 *(.stab.index)

.stab.indexstr
 *(.stab.indexstr)

.comment        0x0000000000000000       0x23
 *(.comment)
 .comment       0x0000000000000000       0x23 obj/default/hello_world_small.o
                                         0x24 (size before relaxing)
 .comment       0x0000000000000023       0x24 /opt/FPGA_work/04_SOC/01_Nios_II/01_proj/01_hello_led/software/hello_led_bsp//libhal_bsp.a(alt_load.o)
 .comment       0x0000000000000023       0x24 /opt/FPGA_work/04_SOC/01_Nios_II/01_proj/01_hello_led/software/hello_led_bsp//libhal_bsp.a(alt_main.o)
 .comment       0x0000000000000023       0x24 /opt/FPGA_work/04_SOC/01_Nios_II/01_proj/01_hello_led/software/hello_led_bsp//libhal_bsp.a(alt_sys_init.o)
 .comment       0x0000000000000023       0x24 /opt/FPGA_work/04_SOC/01_Nios_II/01_proj/01_hello_led/software/hello_led_bsp//libhal_bsp.a(alt_dcache_flush_all.o)
 .comment       0x0000000000000023       0x24 /opt/FPGA_work/04_SOC/01_Nios_II/01_proj/01_hello_led/software/hello_led_bsp//libhal_bsp.a(alt_icache_flush_all.o)
 .comment       0x0000000000000023       0x24 /opt/FPGA_work/04_SOC/01_Nios_II/01_proj/01_hello_led/software/hello_led_bsp//libhal_bsp.a(altera_nios2_gen2_irq.o)
 .comment       0x0000000000000023       0x24 /opt/FPGA_work/04_SOC/01_Nios_II/01_proj/01_hello_led/software/hello_led_bsp//libhal_bsp.a(alt_icache_flush.o)

.debug
 *(.debug)

.line
 *(.line)

.debug_srcinfo
 *(.debug_srcinfo)

.debug_sfnames
 *(.debug_sfnames)

.debug_aranges  0x0000000000000000      0x128
 *(.debug_aranges)
 .debug_aranges
                0x0000000000000000       0x28 /opt/FPGA_work/04_SOC/01_Nios_II/01_proj/01_hello_led/software/hello_led_bsp//obj/HAL/src/crt0.o
 .debug_aranges
                0x0000000000000028       0x20 obj/default/hello_world_small.o
 .debug_aranges
                0x0000000000000048       0x20 /opt/FPGA_work/04_SOC/01_Nios_II/01_proj/01_hello_led/software/hello_led_bsp//libhal_bsp.a(alt_load.o)
 .debug_aranges
                0x0000000000000068       0x20 /opt/FPGA_work/04_SOC/01_Nios_II/01_proj/01_hello_led/software/hello_led_bsp//libhal_bsp.a(alt_main.o)
 .debug_aranges
                0x0000000000000088       0x20 /opt/FPGA_work/04_SOC/01_Nios_II/01_proj/01_hello_led/software/hello_led_bsp//libhal_bsp.a(alt_sys_init.o)
 .debug_aranges
                0x00000000000000a8       0x20 /opt/FPGA_work/04_SOC/01_Nios_II/01_proj/01_hello_led/software/hello_led_bsp//libhal_bsp.a(alt_dcache_flush_all.o)
 .debug_aranges
                0x00000000000000c8       0x20 /opt/FPGA_work/04_SOC/01_Nios_II/01_proj/01_hello_led/software/hello_led_bsp//libhal_bsp.a(alt_icache_flush_all.o)
 .debug_aranges
                0x00000000000000e8       0x20 /opt/FPGA_work/04_SOC/01_Nios_II/01_proj/01_hello_led/software/hello_led_bsp//libhal_bsp.a(altera_nios2_gen2_irq.o)
 .debug_aranges
                0x0000000000000108       0x20 /opt/FPGA_work/04_SOC/01_Nios_II/01_proj/01_hello_led/software/hello_led_bsp//libhal_bsp.a(alt_icache_flush.o)

.debug_pubnames
 *(.debug_pubnames)

.debug_info     0x0000000000000000      0x8a3
 *(.debug_info .gnu.linkonce.wi.*)
 .debug_info    0x0000000000000000       0x81 /opt/FPGA_work/04_SOC/01_Nios_II/01_proj/01_hello_led/software/hello_led_bsp//obj/HAL/src/crt0.o
 .debug_info    0x0000000000000081       0xc7 obj/default/hello_world_small.o
 .debug_info    0x0000000000000148      0x1c9 /opt/FPGA_work/04_SOC/01_Nios_II/01_proj/01_hello_led/software/hello_led_bsp//libhal_bsp.a(alt_load.o)
 .debug_info    0x0000000000000311      0x18f /opt/FPGA_work/04_SOC/01_Nios_II/01_proj/01_hello_led/software/hello_led_bsp//libhal_bsp.a(alt_main.o)
 .debug_info    0x00000000000004a0      0x10f /opt/FPGA_work/04_SOC/01_Nios_II/01_proj/01_hello_led/software/hello_led_bsp//libhal_bsp.a(alt_sys_init.o)
 .debug_info    0x00000000000005af       0xa6 /opt/FPGA_work/04_SOC/01_Nios_II/01_proj/01_hello_led/software/hello_led_bsp//libhal_bsp.a(alt_dcache_flush_all.o)
 .debug_info    0x0000000000000655       0xb8 /opt/FPGA_work/04_SOC/01_Nios_II/01_proj/01_hello_led/software/hello_led_bsp//libhal_bsp.a(alt_icache_flush_all.o)
 .debug_info    0x000000000000070d       0xb8 /opt/FPGA_work/04_SOC/01_Nios_II/01_proj/01_hello_led/software/hello_led_bsp//libhal_bsp.a(altera_nios2_gen2_irq.o)
 .debug_info    0x00000000000007c5       0xde /opt/FPGA_work/04_SOC/01_Nios_II/01_proj/01_hello_led/software/hello_led_bsp//libhal_bsp.a(alt_icache_flush.o)

.debug_abbrev   0x0000000000000000      0x4e2
 *(.debug_abbrev)
 .debug_abbrev  0x0000000000000000       0x12 /opt/FPGA_work/04_SOC/01_Nios_II/01_proj/01_hello_led/software/hello_led_bsp//obj/HAL/src/crt0.o
 .debug_abbrev  0x0000000000000012       0x60 obj/default/hello_world_small.o
 .debug_abbrev  0x0000000000000072       0xd8 /opt/FPGA_work/04_SOC/01_Nios_II/01_proj/01_hello_led/software/hello_led_bsp//libhal_bsp.a(alt_load.o)
 .debug_abbrev  0x000000000000014a       0xf5 /opt/FPGA_work/04_SOC/01_Nios_II/01_proj/01_hello_led/software/hello_led_bsp//libhal_bsp.a(alt_main.o)
 .debug_abbrev  0x000000000000023f       0xd8 /opt/FPGA_work/04_SOC/01_Nios_II/01_proj/01_hello_led/software/hello_led_bsp//libhal_bsp.a(alt_sys_init.o)
 .debug_abbrev  0x0000000000000317       0x5a /opt/FPGA_work/04_SOC/01_Nios_II/01_proj/01_hello_led/software/hello_led_bsp//libhal_bsp.a(alt_dcache_flush_all.o)
 .debug_abbrev  0x0000000000000371       0x6f /opt/FPGA_work/04_SOC/01_Nios_II/01_proj/01_hello_led/software/hello_led_bsp//libhal_bsp.a(alt_icache_flush_all.o)
 .debug_abbrev  0x00000000000003e0       0x67 /opt/FPGA_work/04_SOC/01_Nios_II/01_proj/01_hello_led/software/hello_led_bsp//libhal_bsp.a(altera_nios2_gen2_irq.o)
 .debug_abbrev  0x0000000000000447       0x9b /opt/FPGA_work/04_SOC/01_Nios_II/01_proj/01_hello_led/software/hello_led_bsp//libhal_bsp.a(alt_icache_flush.o)

.debug_line     0x0000000000000000      0x548
 *(.debug_line)
 .debug_line    0x0000000000000000       0x72 /opt/FPGA_work/04_SOC/01_Nios_II/01_proj/01_hello_led/software/hello_led_bsp//obj/HAL/src/crt0.o
 .debug_line    0x0000000000000072       0xb8 obj/default/hello_world_small.o
 .debug_line    0x000000000000012a       0xa4 /opt/FPGA_work/04_SOC/01_Nios_II/01_proj/01_hello_led/software/hello_led_bsp//libhal_bsp.a(alt_load.o)
 .debug_line    0x00000000000001ce       0xea /opt/FPGA_work/04_SOC/01_Nios_II/01_proj/01_hello_led/software/hello_led_bsp//libhal_bsp.a(alt_main.o)
 .debug_line    0x00000000000002b8       0xbf /opt/FPGA_work/04_SOC/01_Nios_II/01_proj/01_hello_led/software/hello_led_bsp//libhal_bsp.a(alt_sys_init.o)
 .debug_line    0x0000000000000377       0x5a /opt/FPGA_work/04_SOC/01_Nios_II/01_proj/01_hello_led/software/hello_led_bsp//libhal_bsp.a(alt_dcache_flush_all.o)
 .debug_line    0x00000000000003d1       0x6e /opt/FPGA_work/04_SOC/01_Nios_II/01_proj/01_hello_led/software/hello_led_bsp//libhal_bsp.a(alt_icache_flush_all.o)
 .debug_line    0x000000000000043f       0x8c /opt/FPGA_work/04_SOC/01_Nios_II/01_proj/01_hello_led/software/hello_led_bsp//libhal_bsp.a(altera_nios2_gen2_irq.o)
 .debug_line    0x00000000000004cb       0x7d /opt/FPGA_work/04_SOC/01_Nios_II/01_proj/01_hello_led/software/hello_led_bsp//libhal_bsp.a(alt_icache_flush.o)

.debug_frame    0x0000000000000000      0x144
 *(.debug_frame)
 .debug_frame   0x0000000000000000       0x2c obj/default/hello_world_small.o
 .debug_frame   0x000000000000002c       0x30 /opt/FPGA_work/04_SOC/01_Nios_II/01_proj/01_hello_led/software/hello_led_bsp//libhal_bsp.a(alt_load.o)
 .debug_frame   0x000000000000005c       0x2c /opt/FPGA_work/04_SOC/01_Nios_II/01_proj/01_hello_led/software/hello_led_bsp//libhal_bsp.a(alt_main.o)
 .debug_frame   0x0000000000000088       0x3c /opt/FPGA_work/04_SOC/01_Nios_II/01_proj/01_hello_led/software/hello_led_bsp//libhal_bsp.a(alt_sys_init.o)
 .debug_frame   0x00000000000000c4       0x20 /opt/FPGA_work/04_SOC/01_Nios_II/01_proj/01_hello_led/software/hello_led_bsp//libhal_bsp.a(alt_dcache_flush_all.o)
 .debug_frame   0x00000000000000e4       0x20 /opt/FPGA_work/04_SOC/01_Nios_II/01_proj/01_hello_led/software/hello_led_bsp//libhal_bsp.a(alt_icache_flush_all.o)
 .debug_frame   0x0000000000000104       0x20 /opt/FPGA_work/04_SOC/01_Nios_II/01_proj/01_hello_led/software/hello_led_bsp//libhal_bsp.a(altera_nios2_gen2_irq.o)
 .debug_frame   0x0000000000000124       0x20 /opt/FPGA_work/04_SOC/01_Nios_II/01_proj/01_hello_led/software/hello_led_bsp//libhal_bsp.a(alt_icache_flush.o)

.debug_str      0x0000000000000000      0x43e
 *(.debug_str)
 .debug_str     0x0000000000000000      0x114 obj/default/hello_world_small.o
                                        0x152 (size before relaxing)
 .debug_str     0x0000000000000114      0x1a3 /opt/FPGA_work/04_SOC/01_Nios_II/01_proj/01_hello_led/software/hello_led_bsp//libhal_bsp.a(alt_load.o)
                                        0x249 (size before relaxing)
 .debug_str     0x00000000000002b7       0xb0 /opt/FPGA_work/04_SOC/01_Nios_II/01_proj/01_hello_led/software/hello_led_bsp//libhal_bsp.a(alt_main.o)
                                        0x1eb (size before relaxing)
 .debug_str     0x0000000000000367       0x4d /opt/FPGA_work/04_SOC/01_Nios_II/01_proj/01_hello_led/software/hello_led_bsp//libhal_bsp.a(alt_sys_init.o)
                                        0x1be (size before relaxing)
 .debug_str     0x00000000000003b4       0x1f /opt/FPGA_work/04_SOC/01_Nios_II/01_proj/01_hello_led/software/hello_led_bsp//libhal_bsp.a(alt_dcache_flush_all.o)
                                        0x162 (size before relaxing)
 .debug_str     0x00000000000003d3       0x30 /opt/FPGA_work/04_SOC/01_Nios_II/01_proj/01_hello_led/software/hello_led_bsp//libhal_bsp.a(alt_icache_flush_all.o)
                                        0x173 (size before relaxing)
 .debug_str     0x0000000000000403       0x20 /opt/FPGA_work/04_SOC/01_Nios_II/01_proj/01_hello_led/software/hello_led_bsp//libhal_bsp.a(altera_nios2_gen2_irq.o)
                                        0x192 (size before relaxing)
 .debug_str     0x0000000000000423       0x1b /opt/FPGA_work/04_SOC/01_Nios_II/01_proj/01_hello_led/software/hello_led_bsp//libhal_bsp.a(alt_icache_flush.o)
                                        0x168 (size before relaxing)

.debug_loc      0x0000000000000000       0x92
 *(.debug_loc)
 .debug_loc     0x0000000000000000       0x21 /opt/FPGA_work/04_SOC/01_Nios_II/01_proj/01_hello_led/software/hello_led_bsp//libhal_bsp.a(alt_sys_init.o)
 .debug_loc     0x0000000000000021       0x1f /opt/FPGA_work/04_SOC/01_Nios_II/01_proj/01_hello_led/software/hello_led_bsp//libhal_bsp.a(alt_dcache_flush_all.o)
 .debug_loc     0x0000000000000040       0x52 /opt/FPGA_work/04_SOC/01_Nios_II/01_proj/01_hello_led/software/hello_led_bsp//libhal_bsp.a(alt_icache_flush.o)

.debug_macinfo
 *(.debug_macinfo)

.debug_weaknames
 *(.debug_weaknames)

.debug_funcnames
 *(.debug_funcnames)

.debug_typenames
 *(.debug_typenames)

.debug_varnames
 *(.debug_varnames)

.debug_alt_sim_info
                0x0000000000000000       0x30
 *(.debug_alt_sim_info)
 .debug_alt_sim_info
                0x0000000000000000       0x30 /opt/FPGA_work/04_SOC/01_Nios_II/01_proj/01_hello_led/software/hello_led_bsp//obj/HAL/src/crt0.o
                0x0000000000003000                __alt_data_end = 0x3000
                0x0000000000003000                PROVIDE (__alt_stack_pointer, __alt_data_end)
                [!provide]                        PROVIDE (__alt_stack_limit, __alt_stack_base)
                [!provide]                        PROVIDE (__alt_heap_start, end)
                [!provide]                        PROVIDE (__alt_heap_limit, 0x3000)
OUTPUT(hello_led.elf elf32-littlenios2)

.debug_ranges   0x0000000000000000       0x78
 .debug_ranges  0x0000000000000000       0x20 /opt/FPGA_work/04_SOC/01_Nios_II/01_proj/01_hello_led/software/hello_led_bsp//obj/HAL/src/crt0.o
 .debug_ranges  0x0000000000000020       0x48 /opt/FPGA_work/04_SOC/01_Nios_II/01_proj/01_hello_led/software/hello_led_bsp//libhal_bsp.a(alt_load.o)
 .debug_ranges  0x0000000000000068       0x10 /opt/FPGA_work/04_SOC/01_Nios_II/01_proj/01_hello_led/software/hello_led_bsp//libhal_bsp.a(alt_icache_flush.o)
